[    0.000000] Initializing cgroup subsys cpuset
[    0.000000] Initializing cgroup subsys cpu
[    0.000000] Initializing cgroup subsy cpuacct
[    0.000000] Linux version 4.4.0-128-generic (buildd@lcy01-amd64-019) (gcc version 5.4.0 20160609 (Ubuntu 5.4.0-6ubuntu1~16.04.9) ) #154-Ubuntu SMP Fri May 25 14:15:18 UTC 2018 (Ubuntu 4.4.0-128.154-generic 4.4.131)
[    0.000000] Command line: BOOT_IMAGE=/boot/vmlinuz-4.4.0-128-generic root=UUID=07848ed3-7806-4393-9292-29d39210b08c ro console=tty1 console=ttyS0
[    0.000000] KERNEL supported cpus:
[    0.000000]   Intel GenuineIntel
[    0.000000]   AMD AuthenticAMD
[    0.000000]   Centaur CentaurHauls
[    0.000000] x86/fpu: xstate_offset[2]:  576, xstate_sizes[2]:  256
[    0.000000] x8/fpu: Supporting XSAVE feature 0x01: 'x87 floating point registers'
[    0.000000] x86/fpu: Supporting XSAVE feature 0x02: 'SSE registers'
[    0.000000] x86/fpu: Supporting XSAVE feature 0x04: 'AVX registers'
[    0.000000] x86/fpu: Enabled xstate features 0x7, context size is 832 bytes, using 'standard' format.
[    0.000000] x86/fpu: Using 'lazy' FPU context switches.
[    0.000000] e820: BIOS-provided physical RAM map:
[    0.000000] BIOS-e820: [mem 0x0000000000000000-0x000000000009fbff] usable
[    0.000000] BIOS-e820: [mm 0x000000000009fc00-0x000000000009ffff] reserved
[    0.000000] BIOS-e820: [mem 0x00000000000f0000-0x00000000000fffff] reserved
[    0.000000] BIOS-e820: [mem 0x0000000000100000-0x000000003ffeffff] usable
[    0.000000] BIOS-e820: [mem 0x000000003fff0000-0x000000003fffffff] ACPI data
[    0.000000] BIOS-e820: [mem 0x00000000fec00000-0x00000000fec00fff] reserved
[    0.0000] BIOS-e820: [mem 0x00000000fee00000-0x00000000fee00fff] reserved
[    0.000000] BIOS-e820: [mem 0x00000000fffc0000-0x00000000ffffffff] reserved
[    0.000000] NX (Execute Disable) protection: active
[    0.000000] SMBIOS 2.5 present.
[    0.000000] Hypervisor detected: KVM
[    0.000000] e820: last_pfn = 0x3fff0 max_arch_pfn = 0x400000000
[    0.000000] MTRR: Disabled
[    0.000000] x86/PAT: MTRRs disabled, skipping PAT initiization too.[    0.000000] CPU MTRRs all blank - virtualized sstem.
[    0.000000] x86/AT: Configuration [0-7]: WB  WT  UC- UC  WB  WT  UC- UC  
[    0.000000] found SMP MP-table at [mem 0x0009fff0-0x0009fff] mapped at [ffff88000009fff0]
[    0.000000] Scanning 1 areas for low memory corrption
[    0.000000] RAMDISK: [mem 0x361f2000-0x370f0fff]
[    0.000000] ACPI: Early table checksum verification disabled
[    0.000000] ACPI:RSDP 0x00000000000E0000 000024 (v02 VBOX  )
[    0.000000] ACPI: XSDT 0x000000003FFF0030 00003C (v01 VBOX   VBOXXSDT 00000001 ASL  00000061)
[    0.000000] ACPI: FACP 0x000000003FFF00F0 0000F4 (v04 VBOX   VBOXFACP 00000001 ASL  00000061)
[    0.000000] ACPI: DSDT 0x000000003FFF0470 0021FF (v02 VBOX   VOXBIOS 00000002 INTL 20100528)
[    0.000000] ACPI: FACS 0x000000003FFF0200 000040
[    0.000000] ACPI: FACS 0x000000003FFF02 000040
[    0.000000] ACPI: APIC 000000003FFF0240 00005C (v02 VBOX   VBOXAPIC 00000001 ASL  00000061)
[    0.000000] ACPI: SSDT 0x000000003FFF02A0 0001CC (v01 VBOX   VBOXCPUT 00000002 INTL 20100528)
[    0.000000] No NUMA configuration found
[    0.000000] Faking a node at [mem 0x0000000000000000-0x000000003ffeffff]
[    0.000000] NODE_DATA(0) aocated [mem 0x3ffeb000-0x3ffeffff]
[    0.000000] kvm-clock: Using msrs 4b564d01 and 4b564d00
[    0.000000] kvm-clock: cpu 0, msr 0:3ffe3001, primary cpu clock
[    0.000000] kvm-clock: using sched offset of 8737531752 cycles
[    0.000000] clocksource: kvm-clock: mask: 0xffffffffffffffff max_cycles: 0x1cd42e4dffb, max_idle_: 881590591483 ns
[    0.000000] Zone ranges:
[    0.000000]   DMA      [mem 0x0000000000001000-0x0000000000ffffff]
[    0.000000]   DMA32    [mem 0x0000000001000000-0x000000003ffeffff]
[    0.000000]   Normal   empty
    0.000000]   Device   empty
[    0.000000] Movable zone start for each node
[    0.000000] Early memory node ranges
[    0.000000]   node   0: [mem 0x000000000000100-0x000000000009efff]
[    0.000000]   node   0: [mem 0x0000000000100000-0x0000003ffeffff]
[    0.000000] Initmem setup node 0 [mem 0x0000000000001000-0x000000003ffeffff]
[    0.000000] ACPI: PM-Timer IO Port: 0x4008
[    0.000000] IOAPIC[0]: apiid 2, version 32, address 0xfec00000, GSI 0-23
[    0.000000] ACPI: INT_SRC_OVR (bus 0 bus_irq 0 global_irq 2 dfl dfl)
[    0.000000] ACPI: INT_SRC_OVR (bus 0 bus_irq 9 global_irq 9 low level)
[    0.000000] Using ACPI (MADT) for SMP configuration information
[    0.000000] smpboot: Allowing 2 CPUs, 0 hotplug CPUs
[    0.000000] PM: Registered nave memory: [mem 0x00000000-0x00000fff]
[    0.000000] PM: Registered nosave memory: [mem 0x0009f000-0x0009ffff]
[    0.000000] PM: Registered nosave memory: [mem 0x000a0000-0x000effff]
[    0.000000] PM: Registered nosave memory: [mem 0x000f0000-0x000fffff]
[    0.000000] e820: [mem 0x40000000-0xfebfffff] available for PCI devices
[    0.000000] Booting paravirtualized kernel on KVM
[    0.000000] clocksource: refined-jiffies: mask: 0xffffffff max_cycles: 0xffffffff, max_idle_ns: 7645519600211568 ns
[    0.000000] setup_percpu: NR_CPUS:512 nr_cpumask_bits:512 nr_cpu_ids:2 nr_node_ids:1
[    0.000000] PERCPU: Embedded 34 pages/cpu @ffff88003fc00000 s99544 r8192 d31528 u1048576
[    0.000000] PV qspinlock hash table entries: 256 (order: 0, 4096 bytes)
[    0.000000] Built 1 zonelists in Node order, mobility grouping on.  Total pages: 257912
[    0.000000] Policy zone: DMA32
[    0.000000] Kernel command line: BOOT_IMAGE=/boot/vmlinuz-4.4.0-128-generic root=UUID=07848ed3-7806-4393-9292-29d39210b08c ro console=tty1 consoe=ttyS0
[    0.000000] PID hash table entries: 4096 (order: 3, 32768 bytes)
[    0.000000]Memory: 997164K/1048120K available (8541K kernel code, 1313K rwdata, 4000K rodata, 1512K init, 1316K bss, 50956K reserved, 0K cma-reserved)
[    0.000000] SLUB: HWalign=64, Order=0-3, MinObjects=0, CPUs=2, Nodes=1
[    0.000000] Kernel/Userage tables isolation: enabled
[    0.000000] Hierarchical RCU implementation.
[    0.000000] 	Build-time adjustment of leaf fanout to 64.
[    0.000000] 	RCU restricting CPUs from NR_CPUS=512 to nr_cpu_ids=2.
[    0.000000] RCU: Adjusting geometry for rcu_fanout_leaf=64, nr_cpu_ids=2
[    0.000000] NR_IRQS:33024 nr_irqs:440 16
[    0.000000] Console: colour VGA+ 80x25
[    0.000000] console [tty1] enabled
[    0.000000] console [ttyS0] enabled
[    0.000000] tsc: Detected 1599.999 MHz processor
[    1.203420] Calibrating delay loop (skipped) preset value.. 3199.99 BogoMIPS (lpj=6399996)
[    1.207686] pid_max: default: 32768 minimum: 301
[    1.210006] ACPI: Core revision 20150930
[    1.213538] ACPI: 2 ACPI AML tables successfully acquired and loaded
[    1.217018] Security Framework initialized
[    1.219414] Yama: becoming mindful.
[    1.221470] AppArmor: AppArmor initialized
[    1.223969] Dentry cache hash table entries: 131072 (order: 8, 1048576 bytes)
[    1.229407] Inode-cache hash table entries: 65536 (order: 7, 524288 bytes)
[    1.232893] Mount-cache hash table entries: 2048 (order: 2, 16384 bytes)
[    1.235987] Mountpoint-cache hash table entries: 2048 (order: 2, 16384 bytes)
[    1.248094] Initializing cgroup subsys io
[    1.250206] Initializing cgroup subsys memory
[    1.252223] Initializing cgroup subsys devices
[    1.265444] Initializing cgroup subsys freezer
[    1.267852] Initializing cgroup subsys net_cls
[    1.270153] Initializing cgroup subsys perf_event
[    1.272738] Initializing cgroup subsys net_prio
[    1.282310] Initializing cgroup subsys hugetlb
[    1.284346] Initializing cgroup subsys pids
[    1.292358] CPU: Physical Processor ID: 0
[    1.294425] CPU: Processor Core ID: 0
[    1.299794] mce: CPU supports 0 MCE banks
[    1.301632] Last level iTLB entries: 4KB 64, 2MB 8, 4MB 8
[    1.309743] Last level dTLB entries: 4KB 64, 2MB 0, 4MB 0, 1GB 4
[    1.316191] Spectre V2 : Mitigation: Full generic retpoline
[    1.319204] Spectre V2 : Speculation control IBPB not-supported IBRS not-supported
[    1.327940] Speculative Store Bypass: Vulnerable
[    1.334022] Freeing SMP alternatives memory: 32K
[    1.348777] ftrace: allocating 32236 entries in 126 pages
[    1.439269] smpboot: APIC(0) Converting physical 0 to logical package 0
[    1.448317] smpboot: Max logical packages: 1
[    1.457092] x2apic enabled
[    1.459084] Switched APIC routing to physical x2apic.
[    1.474359] ..TIMER: vector=0x30 apic1=0 pin1=2 apic2=-1 pin2=-1
[    1.581592] smpboot: CPU0: Intel(R) Core(TM) i5-5250U CPU @ 1.60GHz (family: 0x6, model: 0x3d, stepping: 0x4)
[    1.600832] Performance Events: unsupported p6 CPU model 61 no PMU driver, software events only.
[    1.611520] KVM setup paravirtual spinlock
[    1.617583] x86: Booting SMP configuration:
[    1.620329] .... node  #0, CPUs:      #1
[    1.624109] kvm-clock: cpu 1, msr 0:3ffe3041, secondary cpu clock
[    1.633737] mce: CPU supports 0 MCE banks
[    1.641703] x86: Booted up 1 node, 2 CPUs
[    1.663169] smpboot: Total of 2 processors activated (6399.99 BogoMIPS)
[    1.732955] devtmpfs: initialized
[    1.758029] evm: security.selinux
[    1.784079] evm: security.SMACK64
[    1.786214] evm: security.SMACK64EXEC
[    1.788292] evm: security.SMACK64TRANSMUTE
[    1.791161] evm: security.SMACK64MMAP
[    1.793288] evm: security.ima
[    1.795151] evm: security.capability
[    1.797507] clocksource: jiffies: mask: 0xffffffff max_cycles: 0xffffffff, max_idle_ns: 7645041785100000 ns
[    1.803872] futex hash table entries: 512 (order: 3, 32768 bytes)
[    1.808138] pinctrl core: initialized pinctrl subsystem
[    1.811290] RTC time:  9:13:18, date: 07/03/18
[    1.813918] NET: Registered protocol family 16
[    1.826032] cpuidle: using governor ladder
[    1.841726] cpuidle: using governor menu
[    1.844300] PCCT header not found.
[    1.847410] ACPI: bus type PCI registered
[    1.852380] acpiphp: ACPI Hot Plug PCI Controller Driver version: 0.5
[    1.861827] PCI: Using configuration type 1 for base access
[    1.879474] ACPI: Added _OSI(Module Device)
[    1.886332] ACPI: Added _OSI(Processor Device)
[    1.888768] ACPI: Added _OSI(3.0 _SCP Extensions)
[    1.901086] ACPI: Added _OSI(Processor Aggregator Device)
[    1.916165] ACPI: Executed 1 blocks of module-level executable AML code
[    1.923822] ACPI: Interpreter enabled
[    1.927810] ACPI: (supports S0 S5)
[    1.930283] ACPI: Using IOAPIC for interrupt routing
[    1.933036] PCI: Using host bridge windows from ACPI; if necessary, use "pci=nocrs" and report a bug
[    1.945615] ACPI: PCI Root Bridge [PCI0] (domain 0000 [bus 00-ff])
[    1.948891] acpi PNP0A03:00: _OSC: OS supports [ASPM ClockPM Segments MSI]
[    1.952440] acpi PNP0A03:00: _OSC: not requesting OS control; OS requires [ExtendedConfig ASPM ClockPM MSI]
[    1.967965] acpi PNP0A03:00: fail to add MMCONFIG information, can't access extended PCI configuration space under this bridge.
[    1.974212] PCI host bridge to bus 0000:00
[    1.976200] pci_bus 0000:00: root bus resource [io  0x0000-0x0cf7 window]
[    1.979349] pci_bus 0000:00: root bus resource [io  0x0d00-0xffff window]
[    1.982490] pci_bus 0000:00: root bus resource [mem 0x000a0000-0x000bffff window]
[    1.991878] pci_bus 0000:00: root bus resource [mem 0x40000000-0xfdffffff window]
[    1.996164] pci_bus 0000:00: root bus resource [bus 00-ff]
[    2.009138] pci 0000:00:01.1: legacy IDE quirk: reg 0x10: [io  0x01f0-0x01f7]
[    2.013151] pci 0000:00:01.1: legacy IDE quirk: reg 0x14: [io  0x03f6]
[    2.022067] pci 0000:00:01.1: legacy IDE quirk: reg 0x18: [io  0x0170-0x0177]
[    2.047460] pci 0000:00:01.1: legacy IDE quirk: reg 0x1c: [io  0x0376]
[    2.083637] pci 0000:00:07.0: quirk: [io  0x4000-0x403f] claimed by PIIX4 ACPI
[    2.087747] pci 0000:00:07.0: quirk: [io  0x4100-0x410f] claimed by PIIX4 SMB
[    2.116943] ACPI: PCI Interrupt Link [LNKA] (IRQs 5 9 10 *11)
[    2.121174] ACPI: PCI Interrupt Link [LNKB] (IRQs 5 9 *10 11)
[    2.125483] ACPI: PCI Interrupt Link [LNKC] (IRQs 5 *9 10 11)
[    2.129876] ACPI: PCI Interrupt Link [LNKD] (IRQs 5 9 10 *11)
[    2.134222] ACPI: Enabled 2 GPEs in block 00 to 07
[    2.137273] vgaarb: setting as boot device: PCI:0000:00:02.0
[    2.140389] vgaarb: device added: PCI:0000:00:02.0,decodes=io+mem,owns=io+mem,locks=none
[    2.145723] vgaarb: loaded
[    2.147247] vgaarb: bridge control possible 0000:00:02.0
[    2.150489] SCSI subsystem initialized
[    2.158874] ACPI: bus type USB registered
[    2.161135] usbcore: registered new interface driver usbfs
[    2.164419] usbcore: registered new interface driver hub
[    2.167337] usbcore: registered new device driver usb
[    2.173479] PCI: Using ACPI for IRQ routing
[    2.176398] NetLabel: Initializing
[    2.183797] NetLabel:  domain hash size = 128
[    2.186226] NetLabel:  protocols = UNLABELED CIPSOv4
[    2.199935] NetLabel:  unlabeled traffic allowed by default
[    2.203608] amd_nb: Cannot enumerate AMD northbridges
[    2.206733] clocksource: Switched to clocksource kvm-clock
[    2.224148] AppArmor: AppArmor Filesystem Enabled
[    2.232400] pnp: PnP ACPI init
[    2.236080] pnp: PnP ACPI: found 3 devices
[    2.254632] clocksource: acpi_pm: mask: 0xffffff max_cycles: 0xffffff, m_idle_ns: 2085701024 ns
[    2.325863] NET: Registered protocol family 2

[    2.328166] TCP established hash table entries: 8192 (order: 4, 65536 bytes)
[    2.331263] TCP bind hash table entries: 8192 (order: 5, 131072 bytes)
[    2.334468] TCP: Hash tables configured (established 8192 bind 8192)
[    2.337510] UDP hash table entries: 512 (order: 2, 16384 bytes)
[    2.340571] UDP-Lite hash table entries: 512 (order: 2, 16384 bytes)
[    2.344074] NET: Registered protocol family 1
[    2.346391] pci 0000:00:00.0: Limiting direct PCI/PCI transfers
[    2.349331] pci 0000:00:01.0: Activating ISA DMA hang workarounds
[    2.352431] Unpacking initramfs...
[    2.749424] Freeing initrd memory: 15356K
[    2.752093] RAPL PMU detected, API unit is 2^-32 Joules, 4 fixed counters 10737418240 ms ovfl timer
[    2.759139] hw unit of domain pp0-core 2^-0 Joules
[    2.761634] hw unit of domain package 2^-0 Joules
[    2.764380] hw unit of domain dram 2^-0 Joules
[    2.769377] hw unit of domain pp1-gpu 2^-0 Joules
[    2.775873] platform rtc_cmos: registered platform RTC device (no PNP device found)
[    2.788272] Scanning for low memory corruption every 60 seconds
[    2.795229] audit: initializing netlink subsys (disabled)
[    2.800384] audit: type=2000 audit(1530609207.980:1): initialized
[    2.808251] Initialise system trusted keyring
[    2.813829] HugeTLB registered 2 MB page size, pre-allocated 0 pages
[    2.825101] zbud: loaded
[    2.829156] VFS: Disk quotas dquot_6.6.0
[    2.833932] VFS: Dquot-cache hash table entries: 512 (order 0, 4096 bytes)
[    2.842396] squashfs: version 4.0 (2009/01/31) Phillip Lougher
[    2.856618] fuse init (API version 7.23)
[    2.863988] Key type big_key registered
[    2.868337] Allocating IMA MOK and blacklist keyrings.
[    2.881291] Key type asymmetric registered
[    2.884771] Asymmetric key parser 'x509' registered
[    2.888472] Block layer SCSI generic (bsg) driver version 0.4 loaded (major 249)
[    2.893501] io scheduler noop registered
[    2.897277] io scheduler deadline registered (default)
[    2.900360] io scheduler cfq registered
[    2.902796] pci_hotplug: PCI Hot Plug PCI Core version: 0.5
[    2.912170] pciehp: PCI Express Hot Plug Controller Driver version: 0.4
[    2.916522] ACPI: AC Adapter [AC] (off-line)
[    2.919850] input: Power Button as /devices/LNXSYSTM:00/LNXPWRBN:00/input/input0
[    2.932846] ACPI: Power Button [PWRF]
[    2.935652] input: Sleep Button as /devices/LNXSYSTM:00/LNXSLPBN:00/input/input1
[    2.949779] ACPI: Sleep Button [SLPF]
[    2.952500] GHES: HEST is not enabled!
[    2.957484] Serial: 8250/16550 driver, 32 ports, IRQ sharing enabled
[    2.957722] ACPI: Battery Slot [BAT0] (battery present)
[    2.991528] 00:02: ttyS0 at I/O 0x3f8 (irq = 4, base_baud = 115200) is a 16550A
[    2.997565] Linux agpgart interface v0.103
[    3.006955] loop: module loaded
[    3.010089] scsi host0: ata_piix
[    3.012368] scsi host1: ata_piix
[    3.014256] ata1: PATA max UDMA/33 cmd 0x1f0 ctl 0x3f6 bmdma 0xd000 irq 14
[    3.018271] ata2: PATA max UDMA/33 cmd 0x170 ctl 0x376 bmdma 0xd008 irq 15
[    3.023651] libphy: Fixed MDIO Bus: probed
[    3.029253] tun: Universal TUN/TAP device driver, 1.6
[    3.038342] tun: (C) 1999-2004 Max Krasnyansky <maxk@qualcomm.com>
[    3.050083] PPP generic driver version 2.4.2
[    3.052581] ehci_hcd: USB 2.0 'Enhanced' Host Controller (EHCI) Driver
[    3.068201] ehci-pci: EHCI PCI platform driver
[    3.071536] ehci-platform: EHCI generic platform driver
[    3.074413] ohci_hcd: USB 1.1 'Open' Host Controller (OHCI) Driver
[    3.077081] ohci-pci: OHCI PCI platform driver
[    3.079480] ohci-platform: OHCI generic platform driver
[    3.082131] uhci_hcd: USB Universal Host Controller Interface driver
[    3.091434] i8042: PNP: PS/2 Controller [PNP0303:PS2K,PNP0f03:PS2M] at 0x60,0x64 irq 1,12
[    3.096625] serio: i8042 KBD port at 0x60,0x64 irq 1
[    3.099767] serio: i8042 AUX port at 0x60,0x64 irq 12
[    3.114307] mousedev: PS/2 mouse device common for all mice
[    3.118446] rtc_cmos rtc_cmos: rtc core: registered rtc_cmos as rtc0
[    3.122063] input: AT Translated Set 2 keyboard as /devices/platform/i8042/serio0/input/input2
[    3.122911] rtc_cmos rtc_cmos: alarms up to one day, 114 bytes nvram
[    3.122933] i2c /dev entries driver
[    3.123027] device-mapper: uevent: version 1.0.3
[    3.126298] device-mapper: ioctl: 4.34.0-ioctl (2015-10-28) initialised: dm-devel@redhat.com
[    3.126330] ledtrig-cpu: registered to indicate activity on CPUs
[    3.126848] NET: Registered protocol family 10
[    3.127090] NET: Registered protocol family 17
[    3.127105] Key type dns_resolver registered
[    3.127495] registered taskstats version 1
[    3.127520] Loading compiled-in X.509 certificates
[    3.128574] Loaded X.509 cert 'Build time autogenerated kernel key: fc7b57a7df019f2655f66a8a374d74ee8f4999fc'
[    3.128612] zswap: loaded using pool lzo/zbud
[    3.131579] Key type trusted registered
[    3.137487] Key type encrypted registered
[    3.137498] AppArmor: AppArmor sha1 policy hashing enabled
[    3.137503] ima: No TPM chip found, activating TPM-bypass!
[    3.137537] evm: HMAC attrs: 0x1
[    3.138277]   Magic number: 10:351:221
[    3.141113] rtc_cmos rtc_cmos: setting system clock to 2018-07-03 09:13:19 UTC (1530609199)
[    3.141271] BIOS EDD facility v0.16 2004-Jun-25, 0 devices found
[    3.141271] EDD information not available.
[    3.208776] Freeing unused kernel memory: 1512K
[    3.237661] Write protecting the kernel read-only data: 14336k
[    3.241299] Freeing unused kernel memory: 1688K
[    3.244070] Freeing unused kernel memory: 96K
Loading, please wait...
starting version 229
[    3.272993] random: systemd-udevd: uninitialized urandom read (16 bytes read, 5 bits of entropy available)
[    3.273747] random: udevadm: uninitialized urandom read (16 bytes read, 5 bits of entropy available)
[    3.273778] random: udevadm: uninitialized urandom read (16 bytes read, 5 bits of entropy available)
[    3.287957] random: udevadm: uninitialized urandom read (16 bytes read, 5 bits of entropy available)
[    3.288030] random: udevadm: uninitialized urandom read (16 bytes read, 5 bits of entropy available)
[    3.288245] random: udevadm: uninitialized urandom read (16 bytes read, 5 bits of entropy available)
[    3.288337] random: udevadm: uninitialized urandom read (16 bytes read, 5 bits of entropy available)
[    3.288474] random: udevadm: uninitialized urandom read (16 bytes read, 5 bits of entropy available)
[    3.288611] random: udevadm: uninitialized urandom read (16 bytes read, 5 bits of entropy available)
[    3.288783] random: udevadm: uninitialized urandom read (16 bytes read, 5 bits of entropy available)
[    3.429895] e1000: Intel(R) PRO/1000 Network Driver - version 7.3.21-k8-NAPI
[    3.433360] e1000: Copyright (c) 1999-2006 Intel Corporation.
[    3.436684] Fusion MPT base driver 3.04.20
[    3.439400] Copyright (c) 1999-2008 LSI Corporation
[    3.478614] Fusion MPT SPI Host driver 3.04.20
[    3.519717] AVX2 version of gcm_enc/dec engaged.
[    3.523611] AES CTR mode by8 optimization enabled
[    3.688574] input: ImExPS/2 Generic Explorer Mouse as /devices/platform/i8042/serio1/input/input4
[    3.774853] tsc: Refined TSC clocksource calibration: 1599.746 MHz
[    3.777939] clocksource: tsc: mask: 0xffffffffffffffff max_cycles: 0x170f35094f6, max_idle_ns: 440795265944 ns
[    3.957146] e1000 0000:00:03.0 eth0: (PCI:33MHz:32-bit) 02:e1:a6:2d:7f:b0
[    3.964709] e1000 0000:00:03.0 eth0: Intel(R) PRO/1000 Network Connection
[    3.974312] mptbase: ioc0: Initiating bringup
[    4.058272] ioc0: LSI53C1030 A0: Capabilities={Initiator}
[    4.449389] scsi host2: ioc0: LSI53C1030 A0, FwRev=00000000h, Ports=1, MaxQ=256, IRQ=20
[    4.819111] scsi 2:0:0:0: Direct-Access     VBOX     HARDDISK         1.0  PQ: 0 ANSI: 5
[    4.829383] scsi target2:0:0: Beginning Domain Validation
[    4.833426] scsi target2:0:0: Domain Validation skipping write tests
[    4.844637] scsi target2:0:0: Ending Domain Validation
[    4.847678] scsi target2:0:0: asynchronous
[    4.873540] scsi 2:0:1:0: Direct-Access     VBOX     HARDDISK         1.0  PQ: 0 ANSI: 5
[    4.889679] scsi target2:0:1: Beginning Domain Validation
[    4.895946] scsi target2:0:1: Domain Validation skipping write tests
[    4.899306] scsi target2:0:1: Ending Domain Validation
[    4.907754] scsi target2:0:1: asynchronous
[    4.928166] sd 2:0:0:0: Attached scsi generic sg0 type 0
[    4.931211] sd 2:0:0:0: [sda] 20971520 512-byte logical blocks: (10.7 GB/10.0 GiB)
[    4.936109] sd 2:0:1:0: [sdb] 20480 512-byte logical blocks: (10.5 MB/10.0 MiB)
[    4.941543] sd 2:0:1:0: Attached scsi generic sg1 type 0
[    4.946407] sd 2:0:0:0: [sda] Write Protect is off
[    4.952518] sd 2:0:1:0: [sdb] Write Protect is off
[    4.954998] sd 2:0:0:0: [sda] Incomplete mode parameter data
[    4.958194] sd 2:0:0:0: [sda] Assuming drive cache: write through
[    4.962530] sd 2:0:1:0: [sdb] Incomplete mode parameter data
[    4.976465] sd 2:0:1:0: [sdb] Assuming drive cache: write through
[    4.984666]  sda: sda1
[    4.987957] sd 2:0:0:0: [sda] Attached SCSI disk
[    4.996154] sd 2:0:1:0: [sdb] Attached SCSI disk
[    5.408334] e1000 0000:00:08.0 eth1: (PCI:33MHz:32-bit) 08:00:27:7f:76:ca
[    5.411751] e1000 0000:00:08.0 eth1: Intel(R) PRO/1000 Network Connection
[    5.416882] e1000 0000:00:03.0 enp0s3: renamed from eth0
[    5.438076] e1000 0000:00:08.0 enp0s8: renamed from eth1
Begin: Loading essential drivers ... [    6.949048] md: linear personality registered for level -1
[    6.957450] md: multipath personality registered for level -4
[    6.965943] md: raid0 personality registered for level 0
[    6.974095] md: raid1 personality registered for level 1
[    7.050880] raid6: sse2x1   gen()  5084 MB/s
[    7.130942] raid6: sse2x1   xor()  4076 MB/s
[    7.198901] raid6: sse2x2   gen()  6554 MB/s
[    7.266846] raid6: sse2x2   xor()  4313 MB/s
[    7.334909] raid6: sse2x4   gen()  7715 MB/s
[    7.402774] raid6: sse2x4   xor()  5051 MB/s
[    7.471277] raid6: avx2x1   gen()  9726 MB/s
[    7.538844] raid6: avx2x2   gen()  9859 MB/s
[    7.610891] raid6: avx2x4   gen()  9625 MB/s
[    7.620791] raid6: using algorithm avx2x2 gen() 9859 MB/s
[    7.631604] raid6: using avx2x2 recovery algorithm
[    7.637628] xor: automatically using best checksumming function:
[    7.682850]    avx       : 11691.000 MB/sec
[    7.686899] async_tx: api initialized (async)
[    7.701894] md: raid6 personality registered for level 6
[    7.705985] md: raid5 personality registered for level 5
[    7.710023] md: raid4 personality registered for level 4
[    7.722483] md: raid10 personality registered for level 10
done.
Begin: Running /scripts/init-premount ... done.
Begin: Mounting root file system ... Begin: Running /scripts/local-top ... done.
Begin: Running /scripts/local-premount ... [    7.776209] Btrfs loaded
Scanning for Btrfs filesystems
done.
Warning: fsck not present, so skipping root file system
[    7.866081] EXT4-fs (sda1): mounted filesystem with ordered data mode. Opts: (null)
done.
Begin: Running /scripts/local-bottom ... done.
Begin: Running /scripts/init-bottom ... done.
[    8.358876] systemd[1]: systemd 229 running in system mode. (+PAM +AUDIT +SELINUX +IMA +APPARMOR +SMACK +SYSVINIT +UTMP +LIBCRYPTSETUP +GCRYPT +GNUTLS +ACL +XZ -LZ4 +SECCOMP +BLKID +ELFUTILS +KMOD -IDN)
[    8.419657] systemd[1]: Detected virtualization oracle.
[    8.429205] systemd[1]: Detected architecture x86-64.

Welcome to [1mUbuntu 16.04.4 LTS[0m!

[    8.446359] systemd[1]: Set hostname to <postgresql>.
[    9.295730] systemd[1]: Listening on Device-mapper event daemon FIFOs.
[[0;32m  OK  [0m] Listening on Device-mapper event daemon FIFOs.
[    9.307234] systemd[1]: Listening on udev Kernel Socket.
[[0;32m  OK  [0m] Listening on udev Kernel Socket.
[    9.331318] systemd[1]: Started Trigger resolvconf update for networkd DNS.
[[0;32m  OK  [0m] Started Trigger resolvconf update for networkd DNS.
[    9.343051] systemd[1]: Listening on LVM2 metadata daemon socket.
[[0;32m  OK  [0m] Listening on LVM2 metadata daemon socket.
[    9.349484] systemd[1]: Listening on Journal Socket.
[[0;32m  OK  [0m] Listening on Journal Socket.
[    9.354793] systemd[1]: Listening on udev Control Socket.
[[0;32m  OK  [0m] Listening on udev Control Socket.
[    9.364747] systemd[1]: Created slice System Slice.
[[0;32m  OK  [0m] Created slice System Slice.
[    9.387447] systemd[1]: Starting Uncomplicated firewall...
         Starting Uncomplicated firewall...
[    9.395382] systemd[1]: Mounting POSIX Message Queue File System...
         Mounting POSIX Message Queue File System...
[    9.408196] systemd[1]: Starting Monitoring of LVM2 mirrors, snapshots etc. using dmeventd or progress polling...
         Starting Monitoring of LVM2 mirrors... dmeventd or progress polling...
[    9.467085] systemd[1]: Mounting Huge Pages File System...
         Mounting Huge Pages File System...
[    9.473198] systemd[1]: Reached target User and Group Name Lookups.
[[0;32m  OK  [0m] Reached target User and Group Name Lookups.
[    9.481618] systemd[1]: Starting Set console keymap...
         Starting Set console keymap...
[    9.488580] systemd[1]: Starting Remount Root and Kernel File Systems...
         Starting Remount Root and Kernel File Systems...
[    9.502186] systemd[1]: Mounting Debug File System...
[    9.511486] EXT4-fs (sda1): re-mounted. Opts: (null)
         Mounting Debug File System...
[    9.524419] systemd[1]: Starting Load Kernel Modules...
         Starting Load Kernel Modules...
[    9.533624] systemd[1]: Starting Nameserver information manager...
         Starting Nameserver information manager...
[    9.542129] systemd[1]: Created slice User and Session Slice.
[[0;32m  OK  [[    9.589632] Loading iSCSI transport class v2.0-870.
0m] Created slice User and Session Slice.
[    9.602408] systemd[1]: Reached target Slices.
[[0;32m  OK  [0m] Reached target Slices.
[    9.615261] systemd[1]: Starting Create list of required static device nodes for the current kernel...
         Starting Create list of required st... nodes for the current kernel...
[    9.635010] systemd[1]: Listening on Journal Socket (/dev/log).
[    9.638231] iscsi: registered transport (tcp)
[[0;32m  OK  [0m] Listening on Journal Socket (/dev/log).
[    9.645561] systemd[1]: Listening on LVM2 poll daemon socket.
[[0;32m  OK  [0m] Listening on LVM2 poll daemon socket.
[    9.653651] systemd[1]: Created slice system-serial\x2dgetty.slice.
[[0;32m  OK  [0m] Created slice system-serial\x2dgetty.slice.
[    9.685177] systemd[1]: Set up automount Arbitrary Executable File Formats File System Automount Point.
[[    9.699564] random: nonblocking pool is initialized
[0;32m  OK  [0m] Set up automount Arbitrary Executab...ats File System Automount Point.
[    9.709224] systemd[1]: Started Forward Password Requests to Wall Directory Watch.
[[0;32m  OK  [0m] Started Forward Password Requests to Wall Directory Watch.[    9.751503] iscsi: registered transport (iser)

[    9.754208] systemd[1]: Listening on /dev/initctl Compatibility Named Pipe.
[[0;32m  OK  [0m] Listening on /dev/initctl Compatibility Named Pipe.
[    9.765023] systemd[1]: Reached target Encrypted Volumes.
[[0;32m  OK  [0m] Reached target Encrypted Volumes.
[    9.778035] systemd[1]: Listening on Journal Audit Socket.
[[0;32m  OK  [0m] Listening on Journal Audit Socket.
[    9.785804] systemd[1]: Reached target Swap.
[[0;32m  OK  [0m] Reached target Swap.
[    9.803416] systemd[1]: Listening on Syslog Socket.
[[0;32m  OK  [0m] Listening on Syslog Socket.
[    9.819286] systemd[1]: Starting Journal Service...
         Starting Journal Service...
[    9.828146] systemd[1]: Mounted Huge Pages File System.
[[0;32m  OK  [0m] Mounted Huge Pages File System.
[    9.837581] systemd[1]: Mounted POSIX Message Queue File System.
[[0;32m  OK  [0m] Mounted POSIX Message Queue File System.
[    9.845775] systemd[1]: Mounted Debug File System.
[[0;32m  OK  [0m] Mounted Debug File System.
[    9.884141] systemd[1]: Started Uncomplicated firewall.
[[0;32m  OK  [0m] Started Uncomplicated firewall.
[    9.893678] systemd[1]: Started Set console keymap.
[[0;32m  OK  [0m] Started Set console keymap.
[    9.934464] systemd[1]: Started Remount Root and Kernel File Systems.
[[0;32m  OK  [0m] Started Remount Root and Kernel File Systems.
[   10.040043] ystemd[1]: Started Load Kernel Modules.
[[0;32m  OK  [0m ] Started Load Kernel Modules.
[   10.088034] systemd[1]: Started Create list of required static device nodes for the current kernel.
[[0;32m  OK  [0m] Started Create list of required sta...ce nodes for the current kernel.
[   10.109518] systemd[1]: Started Nameserver information manager.
[[0;32m  OK  [0m] Started Nameserver information manager.
[   10.127597] systemd[1]: Started Journal Service.
[[0;32m  OK  [0m] Started Journal Service.
[[0;32m  OK  [0m] Started LVM2 metadata daemon.
         Starting Create Static Device Nodes in /dev...
         Mounting FUSE Control File System...
         Starting Apply Kernel Variables...
         Starting udev Coldplug all Devices...
         Starting Initial cloud-init job (pre-networking)...
         Starting Flush Journal to Persistent Storage...
         Starting Load/Save Random Seed...
[[0;32m  OK  [0m] Mounted FUSE Control File System.
[[0;32m  OK  [0m] Started Apply Kernel Variables.
[[0;32m  OK  [0m] Started Load/Save Random Seed.
[[0;32m  OK  [0m] Started Create Static Device Nodes in /dev.
[[0;32m  OK  [0m] Started Flush Journal to Persistent Storage.
         Starting udev Kernel Device Manager...
[[0;32m  OK  [0m] Started udev Coldplug all Devices.
[[0;32m  OK  [0m] Started udev Kernel Device Manager.
[[0;32m  OK  [0m] Started Dispatch Password Requests to Console Directory Watch.
[[0;32m  OK  [0m] Started Monitoring of LVM2 mirrors,...ng dmeventd or progress polling.
[[0;32m  OK  [0m] Reached target Local File Systems (Pre).
[[0;32m  OK  [0m] Reached target Local File Systems.
         Starting LSB: AppArmor initialization...
         Starting Create Volatile Files and Directories...
         Starting Tell Plymouth To Write Out Runtime Data...
         Starting Set console font and keymap...
[[0;32m  OK  [0m] Started Tell Plymouth To Write Out Runtime Data.
[[0;32m  OK  [0m] Started Create Volatile Files and Directories.
[[0;32m  OK  [0m] Reached target System Time Synchronized.
         Starting Update UTMP about System Boot/Shutdown...
[[0;32m  OK  [0m] Started Update UTMP about System Boot/Shutdown.
[[0;32m  OK  [0m] Started LSB: AppArmor initialization.
[[0;32m  OK  [0m] Found device /dev/ttyS0.
[[0;32m  OK  [0m] Found device 82540EM Gigabit Ethern...r (PRO/1000 MT Desktop Adapter).
[[0;32m  OK  [0m] Found device 82540EM Gigabit Ethern...r (PRO/1000 MT Desktop Adapter).
[[0;32m  OK  [0m] Listening on Load/Save RF Kill Switch Status /dev/rfkill Watch.
[[0;32m  OK  [0m] Started Set console font and keymap.
[[0;32m  OK  [0m] Created slice system-getty.slice.
[   11.801791] cloud-init[446]: Cloud-init v. 17.1 running 'init-local' at Tue, 03 Jul 2018 09:13:29 +0000. Up 11.07 seconds.
[[0;32m  OK  [0m] Started Initial cloud-init job (pre-networking).
[[0;32m  OK  [0m] Reached target Network (Pre).
[[0;32m  OK  [0m] Started ifup for enp0s3.
         Starting Raise network interfaces...
[[0;32m  OK  [0m] Started ifup for enp0s8.
[[0;32m  OK  [0m] Started Raise network interfaces.
[[0;32m  OK  [0m] Reached target Network.
         Starting Initial cloud-init job (metadata service crawler)...
[   13.728475] cloud-init[1052]: Cloud-init v. 17.1 running 'init' at Tue, 03 Jul 2018 09:13:30 +0000. Up 12.84 seconds.
[   13.734477] cloud-init[1052]: ci-info: ++++++++++++++++++++++++++++++++++++++Net device info++++++++++++++++++++++++++++++++++++++
[   13.749480] cloud-init[1052]: ci-info: +--------+------+-----------------------------+---------------+-------+-------------------+
[   13.759603] cloud-init[1052]: ci-info: | Device |  Up  |           Address           |      Mask     | Scope |     Hw-Address    |
[   13.778481] cloud-init[1052]: ci-info: +--------+------+-----------------------------+---------------+-------+-------------------+
[   13.818809] cloud-init[1052]: ci-info: | enp0s3 | True |          10.0.2.15          | 255.255.255.0 |   .   | 02:e1:a6:2d:7f:b0 |
[   13.833545] cloud-init[1052]: ci-info: | enp0s3 | True |  fe80::e1:a6ff:fe2d:7fb0/64 |       .       |  link | 02:e1:a6:2d:7f:b0 |
[   13.842918] cloud-init[1052]: ci-info: | enp0s8 | True |        192.168.33.30        | 255.255.255.0 |   .   | 08:00:27:7f:76:ca |
[   13.851869] cloud-init[1052]: ci-info: | enp0s8 | True | fe80::a00:27ff:fe7f:76ca/64 |       .       |  link | 08:00:27:7f:76:ca |
[   13.865995] cloud-init[1052]: ci-info: |   lo   | True |          127.0.0.1          |   255.0.0.0   |   .   |         .         |
[[0;32m  OK  [0m] Started Initial cloud-init job (metadata service crawler).
[   13.884189] cloud-init[1052]: ci-info: |   lo   | True |           ::1/128           |       .       |  host |         .         |
[[0;32m  OK  [0m] Reached target Network is Online.
[   13.898559] cloud-init[1052]: ci-info: +--------+------+-----------------------------+---------------+-------+-------------------+
[   13.920712] cloud-init[1052]: ci-info: ++++++++++++++++++++++++++++Route IPv4 info++++++++++++++++++++++++++++
[   13.926368] cloud-init[1052]: ci-info: +-------+--------------+----------+---------------+-----------+-------+
[   13.933767] cloud-init[1052]: ci-info: | Route | Destination  | Gateway  |    Genmask    | Interface | Flags |
[   13.947288] cloud-init[1052]: ci-info: +-------+--------------+----------+---------------+-----------+-------+
[   13.953329] cloud-init[1052]: ci-info: |   0   |   0.0.0.0    | 10.0.2.2 |    0.0.0.0    |   enp0s3  |   UG  |
[   13.954063] cloud-init[1052]: ci-info: |   1   |   10.0.2.0   | 0.0.0.0  | 255.255.255.0 |   enp0s3  |   U   |
[   13.954287] cloud-init[1052]: ci-info: |   2   | 192.168.33.0 | 0.0.0.0  | 255.255.255.0 |   enp0s8  |   U   |
[   13.954655] cloud-init[1052]: ci-info: +-------+--------------+----------+---------------+-----------+-------+
         Starting iSCSI initiator daemon (iscsid)...
[[0;32m  OK  [0m] Reached target Cloud-config availability.
[[0;32m  OK  [0m] Reached target System Initialization.
[[0;32m  OK  [0m] Started ACPI Events Check.
[[0;32m  OK  [0m] Reached target Paths.
[[0;32m  OK  [0m] Started Timer to automatically refresh installed snaps.
         Starting LXD - unix socket.
         Starting Socket activation for snappy daemon.
[[0;32m  OK  [0m] Listening on UUID daemon activation socket.
[[0;32m  OK  [0m] Listening on D-Bus System Message Bus Socket.
[[0;32m  OK  [0m] Started Daily apt download activities.
[[0;32m  OK  [0m] Started Daily apt upgrade and clean activities.
[[0;32m  OK  [0m] Listening on ACPID Listen Socket.
[[0;32m  OK  [0m] Started Daily Cleanup of Temporary Directories.
[[0;32m  OK  [0m] Started Clean PHP session files every 30 mins.
[[0;32m  OK  [0m] Reached target Timers.
[[0;32m  OK  [0m] Listening on LXD - unix socket.
[[0;32m  OK  [0m] Listening on Socket activation for snappy daemon.
[[0;32m  OK  [0m] Reached target Sockets.
[[0;32m  OK  [0m] Reached target Basic System.
         Starting System Logging Service...
[[0;32m  OK  [0m] Started D-Bus System Message Bus.
[[0;32m  OK  [0m] Started memcached daemon.
         Starting LXD - container startup/shutdown...
[[0;32m  OK  [0m] Started Regular background program processing daemon.
         Starting Accounts Service...
[[0;32m  OK  [0m] Started ACPI event daemon.
[[0;32m  OK  [0m] Started Unattended Upgrades Shutdown.
         Starting Clean php session files...
[[0;32m  OK  [0m] Started Deferred execution scheduler.
         Starting /etc/rc.local Compatibility...
         Starting OpenBSD Secure Shell server...
         Starting Login Service...
         Starting LSB: MD monitoring daemon...
         Starting Apply the settings specified in cloud-config...
[[0;32m  OK  [0m] Started FUSE filesystem for LXC.
         Starting Snappy daemon...
         Starting LSB: Record successful boot for GRUB...
[[0;32m  OK  [0m] Started System Logging Service.
[[0;32m  OK  [0m] Started iSCSI initiator daemon (iscsid).
[[0;32m  OK  [0m] Started /etc/rc.local Compatibility.
[[0;32m  OK  [0m] Started OpenBSD Secure Shell server.
[[0;32m  OK  [0m] Started Login Service.
         Starting Authenticate and Authorize Users to Run Privileged Tasks...
         Starting Login to default iSCSI targets...
[[0;32m  OK  [0m] Started LSB: Record successful boot for GRUB.
[[0;32m  OK  [0m] Started LSB: MD monitoring daemon.
[[0;32m  OK  [0m] Started LXD - container startup/shutdown.
[[0;32m  OK  [0m] Started Authenticate and Authorize Users to Run Privileged Tasks.
[[0;32m  OK  [0m] Started Login to default iSCSI targets.
[[0;32m  OK  [0m] Started Accounts Service.
[[0;32m  OK  [0m] Reached target Remote File Systems (Pre).
[[0;32m  OK  [0m] Reached target Remote File Systems.
         Starting LSB: Set the CPU Frequency Scaling governor to "ondemand"...
         Starting Permit User Sessions...
         Starting LSB: VirtualBox Linux Additions...
         Starting LSB: Apache2 web server...
         Starting LSB: automatic crash report generation...
         Starting LSB: Start/stop sysstat's sadc...
         Starting LSB: daemon to balance interrupts for SMP systems...
[[0;32m  OK  [0m] Started Permit User Sessions.
[[0;32m  OK  [0m] Started LSB: Set the CPU Frequency Scaling governor to "ondemand".
[[0;32m  OK  [0m] Started Snappy daemon.
         Starting Hold until boot process finishes up...
         Starting Terminate Plymouth Boot Screen...
[[0;32m  OK  [0m] Started LSB: automatic crash report generation.
[[0;32m  OK  [0m] Started LSB: Start/stop sysstat's sadc.
[[0;32m  OK  [0m] Started LSB: daemon to balance interrupts for SMP systems.
[[0;32m  OK  [0m] Started Hold until boot process finishes up.
[[0;32m  OK  [0m] Started Terminate Plymouth Boot Screen.
[[0;32m  OK  [0m] Started Getty on tty1.
[[0;32m  OK  [0m] Started Serial Getty on ttyS0.
[[0;32m  OK  [0m] Reached target Login Prompts.
         Starting Set console scheme...
[[0;32m  OK  [0m] Started Set console scheme.
[[0;32m  OK  [0m] Started LSB: VirtualBox Linux Additions.
[[0;32m  OK  [0m] Created slice User Slice of vagrant.
         Starting User Manager for UID 1000...
[[0;32m  OK  [0m] Started Session 1 of user vagrant.
[[0;32m  OK  [0m] Started User Manager for UID 1000.
[[0;32m  OK  [0m] Started Clean php session files.
[   16.444039] cloud-init[1157]: Cloud-init v. 17.1 running 'modules:config' at Tue, 03 Jul 2018 09:13:34 +0000. Up 16.08 seconds.
[[0;32m  OK  [0m] Started Apply the settings specified in cloud-config.
[[0;32m  OK  [0m] Started LSB: Apache2 web server.
[[0;32m  OK  [0m] Reached target Multi-User System.
         Starting Execute cloud user/final scripts...
[[0;32m  OK  [0m] Reached target Graphical Interface.
         Starting Update UTMP about System Runlevel Changes...
[[0;32m  OK  [0m] Started Update UTMP about System Runlevel Changes.
[   18.195144] cloud-init[1446]: Cloud-init v. 17.1 running 'modules:final' at Tue, 03 Jul 2018 09:13:35 +0000. Up 17.81 seconds.
[   18.206917] cloud-init[1446]: Cloud-init v. 17.1 finished at Tue, 03 Jul 2018 09:13:36 +0000. Datasource DataSourceNoCloud [seed=/dev/sdb][dsmode=net].  Up 18.17 seconds
[[0;32m  OK  [0m] Started Execute cloud user/final scripts.
[[0;32m  OK  [0m] Reached target Cloud-init target.

Ubuntu 16.04.4 LTS postgresql ttyS0

postgresql login: 